Archive member included because of file (symbol)

/usr/lib/gcc/avr/4.8.2/avr4/libgcc.a(_divmodhi4.o)
                              ./cansja.o (__divmodhi4)
/usr/lib/gcc/avr/4.8.2/avr4/libgcc.a(_exit.o)
                              /usr/lib/gcc/avr/4.8.2/../../../avr/lib/avr4/crtm8515.o (exit)
/usr/lib/gcc/avr/4.8.2/avr4/libgcc.a(_copy_data.o)
                              ./cansja.o (__do_copy_data)
/usr/lib/gcc/avr/4.8.2/avr4/libgcc.a(_udivmodhi4.o)
                              /usr/lib/gcc/avr/4.8.2/avr4/libgcc.a(_divmodhi4.o) (__udivmodhi4)

Memory Configuration

Name             Origin             Length             Attributes
text             0x0000000000000000 0x0000000000002000 xr
data             0x0000000000800060 0x000000000000ffa0 rw !x
eeprom           0x0000000000810000 0x0000000000010000 rw !x
fuse             0x0000000000820000 0x0000000000000400 rw !x
lock             0x0000000000830000 0x0000000000000400 rw !x
signature        0x0000000000840000 0x0000000000000400 rw !x
user_signatures  0x0000000000850000 0x0000000000000400 rw !x
*default*        0x0000000000000000 0xffffffffffffffff

Linker script and memory map

LOAD /usr/lib/gcc/avr/4.8.2/../../../avr/lib/avr4/crtm8515.o
LOAD ./cansja.o
START GROUP
LOAD /usr/lib/gcc/avr/4.8.2/avr4/libgcc.a
LOAD /usr/lib/gcc/avr/4.8.2/../../../avr/lib/avr4/libm.a
LOAD /usr/lib/gcc/avr/4.8.2/../../../avr/lib/avr4/libc.a
END GROUP

.hash
 *(.hash)

.dynsym
 *(.dynsym)

.dynstr
 *(.dynstr)

.gnu.version
 *(.gnu.version)

.gnu.version_d
 *(.gnu.version_d)

.gnu.version_r
 *(.gnu.version_r)

.rel.init
 *(.rel.init)

.rela.init
 *(.rela.init)

.rel.text
 *(.rel.text)
 *(.rel.text.*)
 *(.rel.gnu.linkonce.t*)

.rela.text
 *(.rela.text)
 *(.rela.text.*)
 *(.rela.gnu.linkonce.t*)

.rel.fini
 *(.rel.fini)

.rela.fini
 *(.rela.fini)

.rel.rodata
 *(.rel.rodata)
 *(.rel.rodata.*)
 *(.rel.gnu.linkonce.r*)

.rela.rodata
 *(.rela.rodata)
 *(.rela.rodata.*)
 *(.rela.gnu.linkonce.r*)

.rel.data
 *(.rel.data)
 *(.rel.data.*)
 *(.rel.gnu.linkonce.d*)

.rela.data
 *(.rela.data)
 *(.rela.data.*)
 *(.rela.gnu.linkonce.d*)

.rel.ctors
 *(.rel.ctors)

.rela.ctors
 *(.rela.ctors)

.rel.dtors
 *(.rel.dtors)

.rela.dtors
 *(.rela.dtors)

.rel.got
 *(.rel.got)

.rela.got
 *(.rela.got)

.rel.bss
 *(.rel.bss)

.rela.bss
 *(.rela.bss)

.rel.plt
 *(.rel.plt)

.rela.plt
 *(.rela.plt)

.text           0x0000000000000000      0x912
 *(.vectors)
 .vectors       0x0000000000000000       0x22 /usr/lib/gcc/avr/4.8.2/../../../avr/lib/avr4/crtm8515.o
                0x0000000000000000                __vectors
                0x0000000000000000                __vector_default
 *(.vectors)
 *(.progmem.gcc*)
 *(.progmem*)
                0x0000000000000022                . = ALIGN (0x2)
                0x0000000000000022                __trampolines_start = .
 *(.trampolines)
 .trampolines   0x0000000000000022        0x0 linker stubs
 *(.trampolines*)
                0x0000000000000022                __trampolines_end = .
 *(.jumptables)
 *(.jumptables*)
 *(.lowtext)
 *(.lowtext*)
                0x0000000000000022                __ctors_start = .
 *(.ctors)
                0x0000000000000022                __ctors_end = .
                0x0000000000000022                __dtors_start = .
 *(.dtors)
                0x0000000000000022                __dtors_end = .
 SORT(*)(.ctors)
 SORT(*)(.dtors)
 *(.init0)
 .init0         0x0000000000000022        0x0 /usr/lib/gcc/avr/4.8.2/../../../avr/lib/avr4/crtm8515.o
                0x0000000000000022                __init
 *(.init0)
 *(.init1)
 *(.init1)
 *(.init2)
 .init2         0x0000000000000022        0xc /usr/lib/gcc/avr/4.8.2/../../../avr/lib/avr4/crtm8515.o
 *(.init2)
 *(.init3)
 *(.init3)
 *(.init4)
 .init4         0x000000000000002e       0x16 /usr/lib/gcc/avr/4.8.2/avr4/libgcc.a(_copy_data.o)
                0x000000000000002e                __do_copy_data
 *(.init4)
 *(.init5)
 *(.init5)
 *(.init6)
 *(.init6)
 *(.init7)
 *(.init7)
 *(.init8)
 *(.init8)
 *(.init9)
 .init9         0x0000000000000044        0x4 /usr/lib/gcc/avr/4.8.2/../../../avr/lib/avr4/crtm8515.o
 *(.init9)
 *(.text)
 .text          0x0000000000000048        0x2 /usr/lib/gcc/avr/4.8.2/../../../avr/lib/avr4/crtm8515.o
                0x0000000000000048                __vector_1
                0x0000000000000048                __vector_12
                0x0000000000000048                __bad_interrupt
                0x0000000000000048                __vector_6
                0x0000000000000048                __vector_3
                0x0000000000000048                __vector_11
                0x0000000000000048                __vector_13
                0x0000000000000048                __vector_7
                0x0000000000000048                __vector_5
                0x0000000000000048                __vector_4
                0x0000000000000048                __vector_9
                0x0000000000000048                __vector_2
                0x0000000000000048                __vector_15
                0x0000000000000048                __vector_8
                0x0000000000000048                __vector_14
                0x0000000000000048                __vector_10
                0x0000000000000048                __vector_16
 .text          0x000000000000004a        0x0 ./cansja.o
 .text          0x000000000000004a        0x0 /usr/lib/gcc/avr/4.8.2/avr4/libgcc.a(_divmodhi4.o)
 .text          0x000000000000004a        0x0 /usr/lib/gcc/avr/4.8.2/avr4/libgcc.a(_exit.o)
 .text          0x000000000000004a        0x0 /usr/lib/gcc/avr/4.8.2/avr4/libgcc.a(_copy_data.o)
 .text          0x000000000000004a        0x0 /usr/lib/gcc/avr/4.8.2/avr4/libgcc.a(_udivmodhi4.o)
                0x000000000000004a                . = ALIGN (0x2)
 *(.text.*)
 .text.USART_Init
                0x000000000000004a       0x18 ./cansja.o
                0x000000000000004a                USART_Init
 .text.USART_Flush
                0x0000000000000062        0xa ./cansja.o
                0x0000000000000062                USART_Flush
 .text.USART_SendByte
                0x000000000000006c        0x8 ./cansja.o
                0x000000000000006c                USART_SendByte
 .text.USART_CrLf
                0x0000000000000074        0x8 ./cansja.o
                0x0000000000000074                USART_CrLf
 .text.USART_StrOut
                0x000000000000007c       0x28 ./cansja.o
                0x000000000000007c                USART_StrOut
 .text.USART_ReceiveByte
                0x00000000000000a4        0x8 ./cansja.o
                0x00000000000000a4                USART_ReceiveByte
 .text.ToDec    0x00000000000000ac       0x36 ./cansja.o
                0x00000000000000ac                ToDec
 .text.USART_Convert
                0x00000000000000e2       0x84 ./cansja.o
                0x00000000000000e2                USART_Convert
 .text.USART_KbHit
                0x0000000000000166        0x8 ./cansja.o
                0x0000000000000166                USART_KbHit
 .text.USART_ReceiveIdTx
                0x000000000000016e       0x9e ./cansja.o
                0x000000000000016e                USART_ReceiveIdTx
 .text.LCD_Delay
                0x000000000000020c        0xe ./cansja.o
                0x000000000000020c                LCD_Delay
 .text.LCD_Intro
                0x000000000000021a       0x36 ./cansja.o
                0x000000000000021a                LCD_Intro
 .text.LCD_Init
                0x0000000000000250       0xaa ./cansja.o
                0x0000000000000250                LCD_Init
 .text.LCD_CharOut
                0x00000000000002fa       0x3a ./cansja.o
                0x00000000000002fa                LCD_CharOut
 .text.LCD_StrOut
                0x0000000000000334       0x16 ./cansja.o
                0x0000000000000334                LCD_StrOut
 .text.LCD_Clean
                0x000000000000034a       0x12 ./cansja.o
                0x000000000000034a                LCD_Clean
 .text.LCD_Convert
                0x000000000000035c       0x84 ./cansja.o
                0x000000000000035c                LCD_Convert
 .text.SJA_Read
                0x00000000000003e0       0x18 ./cansja.o
                0x00000000000003e0                SJA_Read
 .text.SJA_Write
                0x00000000000003f8       0x14 ./cansja.o
                0x00000000000003f8                SJA_Write
 .text.SJA_Init
                0x000000000000040c       0x5e ./cansja.o
                0x000000000000040c                SJA_Init
 .text.SJA_Dump
                0x000000000000046a      0x10a ./cansja.o
                0x000000000000046a                SJA_Dump
 .text.SJA_CheckId
                0x0000000000000574       0x36 ./cansja.o
                0x0000000000000574                SJA_CheckId
 .text.CAN_StrOut
                0x00000000000005aa       0x70 ./cansja.o
                0x00000000000005aa                CAN_StrOut
 .text.CAN_Check
                0x000000000000061a       0x46 ./cansja.o
                0x000000000000061a                CAN_Check
 .text.CAN_MessOut
                0x0000000000000660       0x94 ./cansja.o
                0x0000000000000660                CAN_MessOut
 .text.startup.main
                0x00000000000006f4      0x1cc ./cansja.o
                0x00000000000006f4                main
 .text.libgcc.mul
                0x00000000000008c0        0x0 /usr/lib/gcc/avr/4.8.2/avr4/libgcc.a(_divmodhi4.o)
 .text.libgcc.div
                0x00000000000008c0       0x26 /usr/lib/gcc/avr/4.8.2/avr4/libgcc.a(_divmodhi4.o)
                0x00000000000008c0                __divmodhi4
                0x00000000000008c0                _div
 .text.libgcc   0x00000000000008e6        0x0 /usr/lib/gcc/avr/4.8.2/avr4/libgcc.a(_divmodhi4.o)
 .text.libgcc.prologue
                0x00000000000008e6        0x0 /usr/lib/gcc/avr/4.8.2/avr4/libgcc.a(_divmodhi4.o)
 .text.libgcc.builtins
                0x00000000000008e6        0x0 /usr/lib/gcc/avr/4.8.2/avr4/libgcc.a(_divmodhi4.o)
 .text.libgcc.fmul
                0x00000000000008e6        0x0 /usr/lib/gcc/avr/4.8.2/avr4/libgcc.a(_divmodhi4.o)
 .text.libgcc.fixed
                0x00000000000008e6        0x0 /usr/lib/gcc/avr/4.8.2/avr4/libgcc.a(_divmodhi4.o)
 .text.libgcc.mul
                0x00000000000008e6        0x0 /usr/lib/gcc/avr/4.8.2/avr4/libgcc.a(_exit.o)
 .text.libgcc.div
                0x00000000000008e6        0x0 /usr/lib/gcc/avr/4.8.2/avr4/libgcc.a(_exit.o)
 .text.libgcc   0x00000000000008e6        0x0 /usr/lib/gcc/avr/4.8.2/avr4/libgcc.a(_exit.o)
 .text.libgcc.prologue
                0x00000000000008e6        0x0 /usr/lib/gcc/avr/4.8.2/avr4/libgcc.a(_exit.o)
 .text.libgcc.builtins
                0x00000000000008e6        0x0 /usr/lib/gcc/avr/4.8.2/avr4/libgcc.a(_exit.o)
 .text.libgcc.fmul
                0x00000000000008e6        0x0 /usr/lib/gcc/avr/4.8.2/avr4/libgcc.a(_exit.o)
 .text.libgcc.fixed
                0x00000000000008e6        0x0 /usr/lib/gcc/avr/4.8.2/avr4/libgcc.a(_exit.o)
 .text.libgcc.mul
                0x00000000000008e6        0x0 /usr/lib/gcc/avr/4.8.2/avr4/libgcc.a(_copy_data.o)
 .text.libgcc.div
                0x00000000000008e6        0x0 /usr/lib/gcc/avr/4.8.2/avr4/libgcc.a(_copy_data.o)
 .text.libgcc   0x00000000000008e6        0x0 /usr/lib/gcc/avr/4.8.2/avr4/libgcc.a(_copy_data.o)
 .text.libgcc.prologue
                0x00000000000008e6        0x0 /usr/lib/gcc/avr/4.8.2/avr4/libgcc.a(_copy_data.o)
 .text.libgcc.builtins
                0x00000000000008e6        0x0 /usr/lib/gcc/avr/4.8.2/avr4/libgcc.a(_copy_data.o)
 .text.libgcc.fmul
                0x00000000000008e6        0x0 /usr/lib/gcc/avr/4.8.2/avr4/libgcc.a(_copy_data.o)
 .text.libgcc.fixed
                0x00000000000008e6        0x0 /usr/lib/gcc/avr/4.8.2/avr4/libgcc.a(_copy_data.o)
 .text.libgcc.mul
                0x00000000000008e6        0x0 /usr/lib/gcc/avr/4.8.2/avr4/libgcc.a(_udivmodhi4.o)
 .text.libgcc.div
                0x00000000000008e6       0x28 /usr/lib/gcc/avr/4.8.2/avr4/libgcc.a(_udivmodhi4.o)
                0x00000000000008e6                __udivmodhi4
 .text.libgcc   0x000000000000090e        0x0 /usr/lib/gcc/avr/4.8.2/avr4/libgcc.a(_udivmodhi4.o)
 .text.libgcc.prologue
                0x000000000000090e        0x0 /usr/lib/gcc/avr/4.8.2/avr4/libgcc.a(_udivmodhi4.o)
 .text.libgcc.builtins
                0x000000000000090e        0x0 /usr/lib/gcc/avr/4.8.2/avr4/libgcc.a(_udivmodhi4.o)
 .text.libgcc.fmul
                0x000000000000090e        0x0 /usr/lib/gcc/avr/4.8.2/avr4/libgcc.a(_udivmodhi4.o)
 .text.libgcc.fixed
                0x000000000000090e        0x0 /usr/lib/gcc/avr/4.8.2/avr4/libgcc.a(_udivmodhi4.o)
                0x000000000000090e                . = ALIGN (0x2)
 *(.fini9)
 .fini9         0x000000000000090e        0x0 /usr/lib/gcc/avr/4.8.2/avr4/libgcc.a(_exit.o)
                0x000000000000090e                exit
                0x000000000000090e                _exit
 *(.fini9)
 *(.fini8)
 *(.fini8)
 *(.fini7)
 *(.fini7)
 *(.fini6)
 *(.fini6)
 *(.fini5)
 *(.fini5)
 *(.fini4)
 *(.fini4)
 *(.fini3)
 *(.fini3)
 *(.fini2)
 *(.fini2)
 *(.fini1)
 *(.fini1)
 *(.fini0)
 .fini0         0x000000000000090e        0x4 /usr/lib/gcc/avr/4.8.2/avr4/libgcc.a(_exit.o)
 *(.fini0)
                0x0000000000000912                _etext = .

.data           0x0000000000800060      0x184 load address 0x0000000000000912
                0x0000000000800060                PROVIDE (__data_start, .)
 *(.data)
 .data          0x0000000000800060        0x0 /usr/lib/gcc/avr/4.8.2/../../../avr/lib/avr4/crtm8515.o
 .data          0x0000000000800060        0x0 ./cansja.o
 .data          0x0000000000800060        0x0 /usr/lib/gcc/avr/4.8.2/avr4/libgcc.a(_divmodhi4.o)
 .data          0x0000000000800060        0x0 /usr/lib/gcc/avr/4.8.2/avr4/libgcc.a(_exit.o)
 .data          0x0000000000800060        0x0 /usr/lib/gcc/avr/4.8.2/avr4/libgcc.a(_copy_data.o)
 .data          0x0000000000800060        0x0 /usr/lib/gcc/avr/4.8.2/avr4/libgcc.a(_udivmodhi4.o)
 *(.data*)
 .data.MSG2     0x0000000000800060        0x8 ./cansja.o
                0x0000000000800060                MSG2
 *(.rodata)
 *(.rodata*)
 .rodata.str1.1
                0x0000000000800068      0x17c ./cansja.o
                                        0x186 (size before relaxing)
 *(.gnu.linkonce.d*)
                0x00000000008001e4                . = ALIGN (0x2)
                0x00000000008001e4                _edata = .
                0x00000000008001e4                PROVIDE (__data_end, .)

.bss            0x00000000008001e4        0x0
                0x00000000008001e4                PROVIDE (__bss_start, .)
 *(.bss)
 .bss           0x00000000008001e4        0x0 /usr/lib/gcc/avr/4.8.2/../../../avr/lib/avr4/crtm8515.o
 .bss           0x00000000008001e4        0x0 ./cansja.o
 .bss           0x00000000008001e4        0x0 /usr/lib/gcc/avr/4.8.2/avr4/libgcc.a(_divmodhi4.o)
 .bss           0x00000000008001e4        0x0 /usr/lib/gcc/avr/4.8.2/avr4/libgcc.a(_exit.o)
 .bss           0x00000000008001e4        0x0 /usr/lib/gcc/avr/4.8.2/avr4/libgcc.a(_copy_data.o)
 .bss           0x00000000008001e4        0x0 /usr/lib/gcc/avr/4.8.2/avr4/libgcc.a(_udivmodhi4.o)
 *(.bss*)
 *(COMMON)
                0x00000000008001e4                PROVIDE (__bss_end, .)
                0x0000000000000912                __data_load_start = LOADADDR (.data)
                0x0000000000000a96                __data_load_end = (__data_load_start + SIZEOF (.data))

.noinit         0x00000000008001e4        0x0
                0x00000000008001e4                PROVIDE (__noinit_start, .)
 *(.noinit*)
                0x00000000008001e4                PROVIDE (__noinit_end, .)
                0x00000000008001e4                _end = .
                0x00000000008001e4                PROVIDE (__heap_start, .)

.eeprom         0x0000000000810000        0x0
 *(.eeprom*)
                0x0000000000810000                __eeprom_end = .

.fuse
 *(.fuse)
 *(.lfuse)
 *(.hfuse)
 *(.efuse)

.lock
 *(.lock*)

.signature
 *(.signature*)

.user_signatures
 *(.user_signatures*)

.stab           0x0000000000000000      0x6cc
 *(.stab)
 .stab          0x0000000000000000      0x6cc /usr/lib/gcc/avr/4.8.2/../../../avr/lib/avr4/crtm8515.o

.stabstr        0x0000000000000000       0x54
 *(.stabstr)
 .stabstr       0x0000000000000000       0x54 /usr/lib/gcc/avr/4.8.2/../../../avr/lib/avr4/crtm8515.o

.stab.excl
 *(.stab.excl)

.stab.exclstr
 *(.stab.exclstr)

.stab.index
 *(.stab.index)

.stab.indexstr
 *(.stab.indexstr)

.comment        0x0000000000000000       0x11
 *(.comment)
 .comment       0x0000000000000000       0x11 ./cansja.o
                                         0x12 (size before relaxing)

.debug
 *(.debug)

.line
 *(.line)

.debug_srcinfo
 *(.debug_srcinfo)

.debug_sfnames
 *(.debug_sfnames)

.debug_aranges
 *(.debug_aranges)

.debug_pubnames
 *(.debug_pubnames)

.debug_info
 *(.debug_info)
 *(.gnu.linkonce.wi.*)

.debug_abbrev
 *(.debug_abbrev)

.debug_line
 *(.debug_line)

.debug_frame
 *(.debug_frame)

.debug_str
 *(.debug_str)

.debug_loc
 *(.debug_loc)

.debug_macinfo
 *(.debug_macinfo)

.debug_pubtypes
 *(.debug_pubtypes)

.debug_ranges
 *(.debug_ranges)

.debug_macro
 *(.debug_macro)
OUTPUT(cansja.elf elf32-avr)
LOAD linker stubs
